in_source: |-
  interrupt (idata) {
      echo(idata)
  }
in_stdin: |-
  [[1, "h"], [2, "e"], [3, "l"], [4, "l"], [5, "o"]]
out_code_bin: !!binary |
  ARAAAQkAAAAXAAACAAH///8fFAAAAgABAAAAAQEBAQAAAAEVAAABAQH///8fFgAAEwAA
out_code_hex: |
  0x0  - 0x80000009  - JMP   0x24       | [IMMEDIATE]
  0x4  - 0xb8000000  - ILOCK            | [IMMEDIATE]
  0x8  - 0x11ffffff  - ST    0x7ffffffc | [IMMEDIATE]
  0xc  - 0xa0000000  - IN               | [IMMEDIATE]
  0x10 - 0x11000000  - ST    0x4000000  | [IMMEDIATE]
  0x14 - 0xb000000   - LD    0x4000000  | [DIRECT]
  0x18 - 0xa8000000  - OUT              | [IMMEDIATE]
  0x1c - 0xbffffff   - LD    0x7ffffffc | [DIRECT]
  0x20 - 0xb0000000  - IRET             | [IMMEDIATE]
  0x24 - 0x98000000  - HALT             | [IMMEDIATE]
out_stdout: |
  LoC: 2
  Instructions: 10
  ============================================================
  Total ticks: 93
out_log: |-
  TICK(I):       77 | Command: Opcode.ST     | PC:    3 | CR: 0x11ffffff      ACC: 0x0        | DR: 0x0        | AR: 0x1ffffff  FLAGS: (False, True)
  TICK(I):       79 | Command: Opcode.IN     | PC:    4 | CR: 0xa0000000      ACC: 0x0        | DR: 0x0        | AR: 0x1ffffff  FLAGS: (False, True)
  TICK(I):       81 | Command: Opcode.ST     | PC:    5 | CR: 0x11000000      ACC: 0x6f       | DR: 0x0        | AR: 0x1ffffff  FLAGS: (False, True)
  TICK(I):       84 | Command: Opcode.LD     | PC:    6 | CR: 0xb000000       ACC: 0x6f       | DR: 0x6f       | AR: 0x1000000  FLAGS: (False, True)
  TICK(I):       86 | Command: Opcode.OUT    | PC:    7 | CR: 0xa8000000      ACC: 0x6f       | DR: 0x6f       | AR: 0x1000000  FLAGS: (False, False)
  TICK(I):       89 | Command: Opcode.LD     | PC:    8 | CR: 0xbffffff       ACC: 0x6f       | DR: 0x0        | AR: 0x1ffffff  FLAGS: (False, False)
  TICK(I):       91 | Command: Opcode.IRET   | PC:    9 | CR: 0xb0000000      ACC: 0x0        | DR: 0x0        | AR: 0x1ffffff  FLAGS: (False, True)
  TICK:       93 | Command: Opcode.HALT   | PC:   10 | CR: 0x98000000      ACC: 0x0        | DR: 0x0        | AR: 0x1ffffff  FLAGS: (False, True)
  Output format (TICK, DECODED TO INT OUT)
  14 0x68, 32 0x65, 50 0x6c, 68 0x6c, 86 0x6f
