in_source: |-
  hi_quest = create_str("What is your name?", 19)
  hi_answer = create_str("Hello, ", 12)
  echo(hi_quest)

  interrupt(idata) {
      strcat(hi_answer, to_string(idata))
  }

  echo(hi_answer)
in_stdin: |-
  [[1664,'T'], [1664,'i'], [1664,'m'], [1664,'u'], [1664,'r']]
out_log: |-
  TICK:     3967 | Command: Opcode.ST     | PC:  210 | CR: 0x11000041      ACC: 0x100003f  | DR: 0x100003e  | AR: 0x1000041  FLAGS: (False, False)
  TICK:     3970 | Command: Opcode.LD     | PC:  211 | CR: 0xb000027       ACC: 0x100003f  | DR: 0x1        | AR: 0x1000027  FLAGS: (False, False)
  TICK:     3972 | Command: Opcode.SUB    | PC:  212 | CR: 0x20000001      ACC: 0x1        | DR: 0x1        | AR: 0x1000027  FLAGS: (False, False)
  TICK:     3974 | Command: Opcode.ST     | PC:  213 | CR: 0x11000027      ACC: 0x0        | DR: 0x1        | AR: 0x1000027  FLAGS: (False, True)
  TICK:     3977 | Command: Opcode.LD     | PC:  214 | CR: 0xb000027       ACC: 0x0        | DR: 0x0        | AR: 0x1000027  FLAGS: (False, True)
  TICK:     3979 | Command: Opcode.SETG   | PC:  215 | CR: 0x68000000      ACC: 0x0        | DR: 0x0        | AR: 0x1000027  FLAGS: (False, True)
  TICK:     3981 | Command: Opcode.JNZ    | PC:  216 | CR: 0x900000cd      ACC: 0x0        | DR: 0x0        | AR: 0x1000027  FLAGS: (False, True)
  TICK:     3983 | Command: Opcode.HALT   | PC:  217 | CR: 0x98000000      ACC: 0x0        | DR: 0x0        | AR: 0x1000027  FLAGS: (False, True)
  Output format (TICK, DECODED TO INT OUT)
  1142 0x13, 1157 0x57, 1184 0x68, 1211 0x61, 1238 0x74, 1265 0x20, 1292 0x69, 1319 0x73, 1346 0x20, 1373 0x79, 1400 0x6f, 1427 0x75, 1454 0x72, 1481 0x20, 1508 0x6e, 1535 0x61, 1562 0x6d, 1589 0x65, 1616 0x3f, 1643 0x0, 3648 0xc, 3663 0x48, 3690 0x65, 3717 0x6c, 3744 0x6c, 3771 0x6f, 3798 0x2c, 3825 0x20, 3852 0x54, 3879 0x69, 3906 0x6d, 3933 0x75, 3960 0x72
out_stdout: |
  0x1000042
  LoC: 8
  Instructions: 217
  ============================================================
  Total ticks: 3983
out_code_hex: |
  0x0  - 0x80000038  - JMP   0x38       | [IMMEDIATE]
  0x4  - 0xb8000000  - ILOCK            | [IMMEDIATE]
  0x8  - 0x11ffffff  - ST    0x1fffffff | [IMMEDIATE]
  0xc  - 0xa0000000  - IN               | [IMMEDIATE]
  0x10 - 0x11000028  - ST    0x1000028  | [IMMEDIATE]
  0x14 - 0xb00003f   - LD    0x100003f  | [DIRECT]
  0x18 - 0x11000027  - ST    0x1000027  | [IMMEDIATE]
  0x1c - 0x18000001  - ADD   0x1        | [IMMEDIATE]
  0x20 - 0x11000040  - ST    0x1000040  | [IMMEDIATE]
  0x24 - 0xd000027   - LD    0x1000027  | [INDIRECT]
  0x28 - 0x11000041  - ST    0x1000041  | [IMMEDIATE]
  0x2c - 0x68000000  - SETG             | [IMMEDIATE]
  0x30 - 0x68000000  - SETG             | [IMMEDIATE]
  0x34 - 0x68000000  - SETG             | [IMMEDIATE]
  0x38 - 0xd000040   - LD    0x1000040  | [INDIRECT]
  0x3c - 0x88000019  - JZ    0x19       | [IMMEDIATE]
  0x40 - 0xb000041   - LD    0x1000041  | [DIRECT]
  0x44 - 0x88000035  - JZ    0x35       | [IMMEDIATE]
  0x48 - 0xb000040   - LD    0x1000040  | [DIRECT]
  0x4c - 0x18000001  - ADD   0x1        | [IMMEDIATE]
  0x50 - 0x11000040  - ST    0x1000040  | [IMMEDIATE]
  0x54 - 0xb000041   - LD    0x1000041  | [DIRECT]
  0x58 - 0x20000001  - SUB   0x1        | [IMMEDIATE]
  0x5c - 0x11000041  - ST    0x1000041  | [IMMEDIATE]
  0x60 - 0x8000000b  - JMP   0xb        | [IMMEDIATE]
  0x64 - 0xb000028   - LD    0x1000028  | [DIRECT]
  0x68 - 0x11000043  - ST    0x1000043  | [IMMEDIATE]
  0x6c - 0x8000001   - LD    0x1        | [IMMEDIATE]
  0x70 - 0x11000042  - ST    0x1000042  | [IMMEDIATE]
  0x74 - 0x9000042   - LD    0x1000042  | [IMMEDIATE]
  0x78 - 0x11000044  - ST    0x1000044  | [IMMEDIATE]
  0x7c - 0x18000001  - ADD   0x1        | [IMMEDIATE]
  0x80 - 0x11000045  - ST    0x1000045  | [IMMEDIATE]
  0x84 - 0xd000044   - LD    0x1000044  | [INDIRECT]
  0x88 - 0x11000046  - ST    0x1000046  | [IMMEDIATE]
  0x8c - 0x70000000  - SETE             | [IMMEDIATE]
  0x90 - 0x70000000  - SETE             | [IMMEDIATE]
  0x94 - 0x70000000  - SETE             | [IMMEDIATE]
  0x98 - 0xd000045   - LD    0x1000045  | [INDIRECT]
  0x9c - 0x88000035  - JZ    0x35       | [IMMEDIATE]
  0xa0 - 0x13000040  - ST    0x1000040  | [DIRECT]
  0xa4 - 0xb000041   - LD    0x1000041  | [DIRECT]
  0xa8 - 0x20000001  - SUB   0x1        | [IMMEDIATE]
  0xac - 0x11000041  - ST    0x1000041  | [IMMEDIATE]
  0xb0 - 0x88000035  - JZ    0x35       | [IMMEDIATE]
  0xb4 - 0xb000046   - LD    0x1000046  | [DIRECT]
  0xb8 - 0x20000001  - SUB   0x1        | [IMMEDIATE]
  0xbc - 0x11000046  - ST    0x1000046  | [IMMEDIATE]
  0xc0 - 0x88000035  - JZ    0x35       | [IMMEDIATE]
  0xc4 - 0xb000040   - LD    0x1000040  | [DIRECT]
  0xc8 - 0x18000001  - ADD   0x1        | [IMMEDIATE]
  0xcc - 0x11000040  - ST    0x1000040  | [IMMEDIATE]
  0xd0 - 0x80000023  - JMP   0x23       | [IMMEDIATE]
  0xd4 - 0xb000027   - LD    0x1000027  | [DIRECT]
  0xd8 - 0xbffffff   - LD    0x1fffffff | [DIRECT]
  0xdc - 0xb0000000  - IRET             | [IMMEDIATE]
  0xe0 - 0x8000012   - LD    0x12       | [IMMEDIATE]
  0xe4 - 0x11000000  - ST    0x1000000  | [IMMEDIATE]
  0xe8 - 0x8000057   - LD    0x57       | [IMMEDIATE]
  0xec - 0x11000001  - ST    0x1000001  | [IMMEDIATE]
  0xf0 - 0x8000068   - LD    0x68       | [IMMEDIATE]
  0xf4 - 0x11000002  - ST    0x1000002  | [IMMEDIATE]
  0xf8 - 0x8000061   - LD    0x61       | [IMMEDIATE]
  0xfc - 0x11000003  - ST    0x1000003  | [IMMEDIATE]
  0x100 - 0x8000074   - LD    0x74       | [IMMEDIATE]
  0x104 - 0x11000004  - ST    0x1000004  | [IMMEDIATE]
  0x108 - 0x8000020   - LD    0x20       | [IMMEDIATE]
  0x10c - 0x11000005  - ST    0x1000005  | [IMMEDIATE]
  0x110 - 0x8000069   - LD    0x69       | [IMMEDIATE]
  0x114 - 0x11000006  - ST    0x1000006  | [IMMEDIATE]
  0x118 - 0x8000073   - LD    0x73       | [IMMEDIATE]
  0x11c - 0x11000007  - ST    0x1000007  | [IMMEDIATE]
  0x120 - 0x8000020   - LD    0x20       | [IMMEDIATE]
  0x124 - 0x11000008  - ST    0x1000008  | [IMMEDIATE]
  0x128 - 0x8000079   - LD    0x79       | [IMMEDIATE]
  0x12c - 0x11000009  - ST    0x1000009  | [IMMEDIATE]
  0x130 - 0x800006f   - LD    0x6f       | [IMMEDIATE]
  0x134 - 0x1100000a  - ST    0x100000a  | [IMMEDIATE]
  0x138 - 0x8000075   - LD    0x75       | [IMMEDIATE]
  0x13c - 0x1100000b  - ST    0x100000b  | [IMMEDIATE]
  0x140 - 0x8000072   - LD    0x72       | [IMMEDIATE]
  0x144 - 0x1100000c  - ST    0x100000c  | [IMMEDIATE]
  0x148 - 0x8000020   - LD    0x20       | [IMMEDIATE]
  0x14c - 0x1100000d  - ST    0x100000d  | [IMMEDIATE]
  0x150 - 0x800006e   - LD    0x6e       | [IMMEDIATE]
  0x154 - 0x1100000e  - ST    0x100000e  | [IMMEDIATE]
  0x158 - 0x8000061   - LD    0x61       | [IMMEDIATE]
  0x15c - 0x1100000f  - ST    0x100000f  | [IMMEDIATE]
  0x160 - 0x800006d   - LD    0x6d       | [IMMEDIATE]
  0x164 - 0x11000010  - ST    0x1000010  | [IMMEDIATE]
  0x168 - 0x8000065   - LD    0x65       | [IMMEDIATE]
  0x16c - 0x11000011  - ST    0x1000011  | [IMMEDIATE]
  0x170 - 0x800003f   - LD    0x3f       | [IMMEDIATE]
  0x174 - 0x11000012  - ST    0x1000012  | [IMMEDIATE]
  0x178 - 0x8000007   - LD    0x7        | [IMMEDIATE]
  0x17c - 0x1100002a  - ST    0x100002a  | [IMMEDIATE]
  0x180 - 0x8000048   - LD    0x48       | [IMMEDIATE]
  0x184 - 0x1100002b  - ST    0x100002b  | [IMMEDIATE]
  0x188 - 0x8000065   - LD    0x65       | [IMMEDIATE]
  0x18c - 0x1100002c  - ST    0x100002c  | [IMMEDIATE]
  0x190 - 0x800006c   - LD    0x6c       | [IMMEDIATE]
  0x194 - 0x1100002d  - ST    0x100002d  | [IMMEDIATE]
  0x198 - 0x800006c   - LD    0x6c       | [IMMEDIATE]
  0x19c - 0x1100002e  - ST    0x100002e  | [IMMEDIATE]
  0x1a0 - 0x800006f   - LD    0x6f       | [IMMEDIATE]
  0x1a4 - 0x1100002f  - ST    0x100002f  | [IMMEDIATE]
  0x1a8 - 0x800002c   - LD    0x2c       | [IMMEDIATE]
  0x1ac - 0x11000030  - ST    0x1000030  | [IMMEDIATE]
  0x1b0 - 0x8000020   - LD    0x20       | [IMMEDIATE]
  0x1b4 - 0x11000031  - ST    0x1000031  | [IMMEDIATE]
  0x1b8 - 0x9000000   - LD    0x1000000  | [IMMEDIATE]
  0x1bc - 0x11000027  - ST    0x1000027  | [IMMEDIATE]
  0x1c0 - 0xd000027   - LD    0x1000027  | [INDIRECT]
  0x1c4 - 0x20000001  - SUB   0x1        | [IMMEDIATE]
  0x1c8 - 0x11000029  - ST    0x1000029  | [IMMEDIATE]
  0x1cc - 0x9000013   - LD    0x1000013  | [IMMEDIATE]
  0x1d0 - 0x11000028  - ST    0x1000028  | [IMMEDIATE]
  0x1d4 - 0x8000013   - LD    0x13       | [IMMEDIATE]
  0x1d8 - 0x11000013  - ST    0x1000013  | [IMMEDIATE]
  0x1dc - 0xb000027   - LD    0x1000027  | [DIRECT]
  0x1e0 - 0x18000001  - ADD   0x1        | [IMMEDIATE]
  0x1e4 - 0x11000027  - ST    0x1000027  | [IMMEDIATE]
  0x1e8 - 0xb000028   - LD    0x1000028  | [DIRECT]
  0x1ec - 0x18000001  - ADD   0x1        | [IMMEDIATE]
  0x1f0 - 0x11000028  - ST    0x1000028  | [IMMEDIATE]
  0x1f4 - 0xd000027   - LD    0x1000027  | [INDIRECT]
  0x1f8 - 0x13000028  - ST    0x1000028  | [DIRECT]
  0x1fc - 0xb000029   - LD    0x1000029  | [DIRECT]
  0x200 - 0x8800008d  - JZ    0x8d       | [IMMEDIATE]
  0x204 - 0x63000013  - CMP   0x1000013  | [DIRECT]
  0x208 - 0x8800008d  - JZ    0x8d       | [IMMEDIATE]
  0x20c - 0xb000029   - LD    0x1000029  | [DIRECT]
  0x210 - 0x20000001  - SUB   0x1        | [IMMEDIATE]
  0x214 - 0x11000029  - ST    0x1000029  | [IMMEDIATE]
  0x218 - 0xb000028   - LD    0x1000028  | [DIRECT]
  0x21c - 0x18000001  - ADD   0x1        | [IMMEDIATE]
  0x220 - 0x11000028  - ST    0x1000028  | [IMMEDIATE]
  0x224 - 0xb000027   - LD    0x1000027  | [DIRECT]
  0x228 - 0x18000001  - ADD   0x1        | [IMMEDIATE]
  0x22c - 0x11000027  - ST    0x1000027  | [IMMEDIATE]
  0x230 - 0x8000007d  - JMP   0x7d       | [IMMEDIATE]
  0x234 - 0x9000013   - LD    0x1000013  | [IMMEDIATE]
  0x238 - 0x11000029  - ST    0x1000029  | [IMMEDIATE]
  0x23c - 0x900002a   - LD    0x100002a  | [IMMEDIATE]
  0x240 - 0x11000028  - ST    0x1000028  | [IMMEDIATE]
  0x244 - 0xd000028   - LD    0x1000028  | [INDIRECT]
  0x248 - 0x20000001  - SUB   0x1        | [IMMEDIATE]
  0x24c - 0x1100003f  - ST    0x100003f  | [IMMEDIATE]
  0x250 - 0x9000032   - LD    0x1000032  | [IMMEDIATE]
  0x254 - 0x11000027  - ST    0x1000027  | [IMMEDIATE]
  0x258 - 0x800000c   - LD    0xc        | [IMMEDIATE]
  0x25c - 0x11000032  - ST    0x1000032  | [IMMEDIATE]
  0x260 - 0xb000028   - LD    0x1000028  | [DIRECT]
  0x264 - 0x18000001  - ADD   0x1        | [IMMEDIATE]
  0x268 - 0x11000028  - ST    0x1000028  | [IMMEDIATE]
  0x26c - 0xb000027   - LD    0x1000027  | [DIRECT]
  0x270 - 0x18000001  - ADD   0x1        | [IMMEDIATE]
  0x274 - 0x11000027  - ST    0x1000027  | [IMMEDIATE]
  0x278 - 0xd000028   - LD    0x1000028  | [INDIRECT]
  0x27c - 0x13000027  - ST    0x1000027  | [DIRECT]
  0x280 - 0xb00003f   - LD    0x100003f  | [DIRECT]
  0x284 - 0x880000ae  - JZ    0xae       | [IMMEDIATE]
  0x288 - 0x63000032  - CMP   0x1000032  | [DIRECT]
  0x28c - 0x880000ae  - JZ    0xae       | [IMMEDIATE]
  0x290 - 0xb00003f   - LD    0x100003f  | [DIRECT]
  0x294 - 0x20000001  - SUB   0x1        | [IMMEDIATE]
  0x298 - 0x1100003f  - ST    0x100003f  | [IMMEDIATE]
  0x29c - 0xb000027   - LD    0x1000027  | [DIRECT]
  0x2a0 - 0x18000001  - ADD   0x1        | [IMMEDIATE]
  0x2a4 - 0x11000027  - ST    0x1000027  | [IMMEDIATE]
  0x2a8 - 0xb000028   - LD    0x1000028  | [DIRECT]
  0x2ac - 0x18000001  - ADD   0x1        | [IMMEDIATE]
  0x2b0 - 0x11000028  - ST    0x1000028  | [IMMEDIATE]
  0x2b4 - 0x8000009e  - JMP   0x9e       | [IMMEDIATE]
  0x2b8 - 0x9000032   - LD    0x1000032  | [IMMEDIATE]
  0x2bc - 0x1100003f  - ST    0x100003f  | [IMMEDIATE]
  0x2c0 - 0xb000029   - LD    0x1000029  | [DIRECT]
  0x2c4 - 0x11000027  - ST    0x1000027  | [IMMEDIATE]
  0x2c8 - 0xd000027   - LD    0x1000027  | [INDIRECT]
  0x2cc - 0x11000028  - ST    0x1000028  | [IMMEDIATE]
  0x2d0 - 0xa8000000  - OUT              | [IMMEDIATE]
  0x2d4 - 0x880000c4  - JZ    0xc4       | [IMMEDIATE]
  0x2d8 - 0xb000027   - LD    0x1000027  | [DIRECT]
  0x2dc - 0x18000001  - ADD   0x1        | [IMMEDIATE]
  0x2e0 - 0x11000027  - ST    0x1000027  | [IMMEDIATE]
  0x2e4 - 0xd000027   - LD    0x1000027  | [INDIRECT]
  0x2e8 - 0xa8000000  - OUT              | [IMMEDIATE]
  0x2ec - 0xb000027   - LD    0x1000027  | [DIRECT]
  0x2f0 - 0x18000001  - ADD   0x1        | [IMMEDIATE]
  0x2f4 - 0x11000027  - ST    0x1000027  | [IMMEDIATE]
  0x2f8 - 0xb000028   - LD    0x1000028  | [DIRECT]
  0x2fc - 0x20000001  - SUB   0x1        | [IMMEDIATE]
  0x300 - 0x11000028  - ST    0x1000028  | [IMMEDIATE]
  0x304 - 0xb000028   - LD    0x1000028  | [DIRECT]
  0x308 - 0x68000000  - SETG             | [IMMEDIATE]
  0x30c - 0x900000b9  - JNZ   0xb9       | [IMMEDIATE]
  0x310 - 0xb00003f   - LD    0x100003f  | [DIRECT]
  0x314 - 0x11000041  - ST    0x1000041  | [IMMEDIATE]
  0x318 - 0xd000041   - LD    0x1000041  | [INDIRECT]
  0x31c - 0x11000027  - ST    0x1000027  | [IMMEDIATE]
  0x320 - 0xa8000000  - OUT              | [IMMEDIATE]
  0x324 - 0x880000d8  - JZ    0xd8       | [IMMEDIATE]
  0x328 - 0xb000041   - LD    0x1000041  | [DIRECT]
  0x32c - 0x18000001  - ADD   0x1        | [IMMEDIATE]
  0x330 - 0x11000041  - ST    0x1000041  | [IMMEDIATE]
  0x334 - 0xd000041   - LD    0x1000041  | [INDIRECT]
  0x338 - 0xa8000000  - OUT              | [IMMEDIATE]
  0x33c - 0xb000041   - LD    0x1000041  | [DIRECT]
  0x340 - 0x18000001  - ADD   0x1        | [IMMEDIATE]
  0x344 - 0x11000041  - ST    0x1000041  | [IMMEDIATE]
  0x348 - 0xb000027   - LD    0x1000027  | [DIRECT]
  0x34c - 0x20000001  - SUB   0x1        | [IMMEDIATE]
  0x350 - 0x11000027  - ST    0x1000027  | [IMMEDIATE]
  0x354 - 0xb000027   - LD    0x1000027  | [DIRECT]
  0x358 - 0x68000000  - SETG             | [IMMEDIATE]
  0x35c - 0x900000cd  - JNZ   0xcd       | [IMMEDIATE]
  0x360 - 0x98000000  - HALT             | [IMMEDIATE]
out_code_bin: !!binary |
  ARAAATgAAAAXAAACAAH///8fFAAAAgABKAAAAQEBAT8AAAECAAEnAAABAwABAQAAAAIAAUAAAAEB
  AgEnAAABAgABQQAAAQ0AAA0AAA0AAAECAUAAAAERAAEZAAAAAQEBQQAAAREAATUAAAABAQFAAAAB
  AwABAQAAAAIAAUAAAAEBAQFBAAABBAABAQAAAAIAAUEAAAEQAAELAAAAAQEBKAAAAQIAAUMAAAEB
  AAEBAAAAAgABQgAAAQEAAUIAAAECAAFEAAABAwABAQAAAAIAAUUAAAEBAgFEAAABAgABRgAAAQ4A
  AA4AAA4AAAECAUUAAAERAAE1AAAAAgEBQAAAAQEBAUEAAAEEAAEBAAAAAgABQQAAAREAATUAAAAB
  AQFGAAABBAABAQAAAAIAAUYAAAERAAE1AAAAAQEBQAAAAQMAAQEAAAACAAFAAAABEAABIwAAAAEB
  AScAAAEBAQH///8fFgAAAQABEgAAAAIAAQAAAAEBAAFXAAAAAgABAQAAAQEAAWgAAAACAAECAAAB
  AQABYQAAAAIAAQMAAAEBAAF0AAAAAgABBAAAAQEAASAAAAACAAEFAAABAQABaQAAAAIAAQYAAAEB
  AAFzAAAAAgABBwAAAQEAASAAAAACAAEIAAABAQABeQAAAAIAAQkAAAEBAAFvAAAAAgABCgAAAQEA
  AXUAAAACAAELAAABAQABcgAAAAIAAQwAAAEBAAEgAAAAAgABDQAAAQEAAW4AAAACAAEOAAABAQAB
  YQAAAAIAAQ8AAAEBAAFtAAAAAgABEAAAAQEAAWUAAAACAAERAAABAQABPwAAAAIAARIAAAEBAAEH
  AAAAAgABKgAAAQEAAUgAAAACAAErAAABAQABZQAAAAIAASwAAAEBAAFsAAAAAgABLQAAAQEAAWwA
  AAACAAEuAAABAQABbwAAAAIAAS8AAAEBAAEsAAAAAgABMAAAAQEAASAAAAACAAExAAABAQABAAAA
  AQIAAScAAAEBAgEnAAABBAABAQAAAAIAASkAAAEBAAETAAABAgABKAAAAQEAARMAAAACAAETAAAB
  AQEBJwAAAQMAAQEAAAACAAEnAAABAQEBKAAAAQMAAQEAAAACAAEoAAABAQIBJwAAAQIBASgAAAEB
  AQEpAAABEQABjQAAAAwBARMAAAERAAGNAAAAAQEBKQAAAQQAAQEAAAACAAEpAAABAQEBKAAAAQMA
  AQEAAAACAAEoAAABAQEBJwAAAQMAAQEAAAACAAEnAAABEAABfQAAAAEAARMAAAECAAEpAAABAQAB
  KgAAAQIAASgAAAEBAgEoAAABBAABAQAAAAIAAT8AAAEBAAEyAAABAgABJwAAAQEAAQwAAAACAAEy
  AAABAQEBKAAAAQMAAQEAAAACAAEoAAABAQEBJwAAAQMAAQEAAAACAAEnAAABAQIBKAAAAQIBAScA
  AAEBAQE/AAABEQABrgAAAAwBATIAAAERAAGuAAAAAQEBPwAAAQQAAQEAAAACAAE/AAABAQEBJwAA
  AQMAAQEAAAACAAEnAAABAQEBKAAAAQMAAQEAAAACAAEoAAABEAABngAAAAEAATIAAAECAAE/AAAB
  AQEBKQAAAQIAAScAAAEBAgEnAAABAgABKAAAARUAABEAAcQAAAABAQEnAAABAwABAQAAAAIAAScA
  AAEBAgEnAAABFQAAAQEBJwAAAQMAAQEAAAACAAEnAAABAQEBKAAAAQQAAQEAAAACAAEoAAABAQEB
  KAAAAQ0AABIAAbkAAAABAQE/AAABAgABQQAAAQECAUEAAAECAAEnAAABFQAAEQAB2AAAAAEBAUEA
  AAEDAAEBAAAAAgABQQAAAQECAUEAAAEVAAABAQFBAAABAwABAQAAAAIAAUEAAAEBAQEnAAABBAAB
  AQAAAAIAAScAAAEBAQEnAAABDQAAEgABzQAAABMAAA==
