in_source: |-
  echo("hello world")
in_stdin: |-
  []
out_log: |-
  TICK:      351 | Command: Opcode.ST     | PC:   38 | CR: 0x11000000      ACC: 0x100000e  | DR: 0x100000d  | AR: 0x1000000  FLAGS: (False, False)
  TICK:      354 | Command: Opcode.LD     | PC:   39 | CR: 0xb000001       ACC: 0x100000e  | DR: 0x1        | AR: 0x1000001  FLAGS: (False, False)
  TICK:      356 | Command: Opcode.SUB    | PC:   40 | CR: 0x20000001      ACC: 0x1        | DR: 0x1        | AR: 0x1000001  FLAGS: (False, False)
  TICK:      358 | Command: Opcode.ST     | PC:   41 | CR: 0x11000001      ACC: 0x0        | DR: 0x1        | AR: 0x1000001  FLAGS: (False, True)
  TICK:      361 | Command: Opcode.LD     | PC:   42 | CR: 0xb000001       ACC: 0x0        | DR: 0x0        | AR: 0x1000001  FLAGS: (False, True)
  TICK:      363 | Command: Opcode.SETG   | PC:   43 | CR: 0x68000000      ACC: 0x0        | DR: 0x0        | AR: 0x1000001  FLAGS: (False, True)
  TICK:      365 | Command: Opcode.JNZ    | PC:   44 | CR: 0x90000021      ACC: 0x0        | DR: 0x0        | AR: 0x1000001  FLAGS: (False, True)
  TICK:      367 | Command: Opcode.HALT   | PC:   45 | CR: 0x98000000      ACC: 0x0        | DR: 0x0        | AR: 0x1000001  FLAGS: (False, True)
  Output format (TICK, DECODED TO INT OUT)
  59 0xb, 74 0x68, 101 0x65, 128 0x6c, 155 0x6c, 182 0x6f, 209 0x20, 236 0x77, 263 0x6f, 290 0x72, 317 0x6c, 344 0x64
out_stdout: |
  LoC: 0
  Instructions: 45
  ============================================================
  Total ticks: 367
out_code_hex: |
  0x0  - 0x800000b   - LD    0x2c       | [IMMEDIATE]
  0x4  - 0x11000002  - ST    0x4000008  | [IMMEDIATE]
  0x8  - 0x8000068   - LD    0x1a0      | [IMMEDIATE]
  0xc  - 0x11000003  - ST    0x400000c  | [IMMEDIATE]
  0x10 - 0x8000065   - LD    0x194      | [IMMEDIATE]
  0x14 - 0x11000004  - ST    0x4000010  | [IMMEDIATE]
  0x18 - 0x800006c   - LD    0x1b0      | [IMMEDIATE]
  0x1c - 0x11000005  - ST    0x4000014  | [IMMEDIATE]
  0x20 - 0x800006c   - LD    0x1b0      | [IMMEDIATE]
  0x24 - 0x11000006  - ST    0x4000018  | [IMMEDIATE]
  0x28 - 0x800006f   - LD    0x1bc      | [IMMEDIATE]
  0x2c - 0x11000007  - ST    0x400001c  | [IMMEDIATE]
  0x30 - 0x8000020   - LD    0x80       | [IMMEDIATE]
  0x34 - 0x11000008  - ST    0x4000020  | [IMMEDIATE]
  0x38 - 0x8000077   - LD    0x1dc      | [IMMEDIATE]
  0x3c - 0x11000009  - ST    0x4000024  | [IMMEDIATE]
  0x40 - 0x800006f   - LD    0x1bc      | [IMMEDIATE]
  0x44 - 0x1100000a  - ST    0x4000028  | [IMMEDIATE]
  0x48 - 0x8000072   - LD    0x1c8      | [IMMEDIATE]
  0x4c - 0x1100000b  - ST    0x400002c  | [IMMEDIATE]
  0x50 - 0x800006c   - LD    0x1b0      | [IMMEDIATE]
  0x54 - 0x1100000c  - ST    0x4000030  | [IMMEDIATE]
  0x58 - 0x8000064   - LD    0x190      | [IMMEDIATE]
  0x5c - 0x1100000d  - ST    0x4000034  | [IMMEDIATE]
  0x60 - 0x9000002   - LD    0x4000008  | [IMMEDIATE]
  0x64 - 0x11000000  - ST    0x4000000  | [IMMEDIATE]
  0x68 - 0xd000000   - LD    0x4000000  | [INDIRECT]
  0x6c - 0x11000001  - ST    0x4000004  | [IMMEDIATE]
  0x70 - 0xa8000000  - OUT              | [IMMEDIATE]
  0x74 - 0x8800002c  - JZ    0xb0       | [IMMEDIATE]
  0x78 - 0xb000000   - LD    0x4000000  | [DIRECT]
  0x7c - 0x18000001  - ADD   0x4        | [IMMEDIATE]
  0x80 - 0x11000000  - ST    0x4000000  | [IMMEDIATE]
  0x84 - 0xd000000   - LD    0x4000000  | [INDIRECT]
  0x88 - 0xa8000000  - OUT              | [IMMEDIATE]
  0x8c - 0xb000000   - LD    0x4000000  | [DIRECT]
  0x90 - 0x18000001  - ADD   0x4        | [IMMEDIATE]
  0x94 - 0x11000000  - ST    0x4000000  | [IMMEDIATE]
  0x98 - 0xb000001   - LD    0x4000004  | [DIRECT]
  0x9c - 0x20000001  - SUB   0x4        | [IMMEDIATE]
  0xa0 - 0x11000001  - ST    0x4000004  | [IMMEDIATE]
  0xa4 - 0xb000001   - LD    0x4000004  | [DIRECT]
  0xa8 - 0x68000000  - SETG             | [IMMEDIATE]
  0xac - 0x90000021  - JNZ   0x84       | [IMMEDIATE]
  0xb0 - 0x98000000  - HALT             | [IMMEDIATE]
out_code_bin: !!binary |
  AAEAAQsAAAACAAECAAABAQABaAAAAAIAAQMAAAEBAAFlAAAAAgABBAAAAQEAAWwAAAACAAEFAAAB
  AQABbAAAAAIAAQYAAAEBAAFvAAAAAgABBwAAAQEAASAAAAACAAEIAAABAQABdwAAAAIAAQkAAAEB
  AAFvAAAAAgABCgAAAQEAAXIAAAACAAELAAABAQABbAAAAAIAAQwAAAEBAAFkAAAAAgABDQAAAQEA
  AQIAAAECAAEAAAABAQIBAAAAAQIAAQEAAAEVAAARAAEsAAAAAQEBAAAAAQMAAQEAAAACAAEAAAAB
  AQIBAAAAARUAAAEBAQAAAAEDAAEBAAAAAgABAAAAAQEBAQEAAAEEAAEBAAAAAgABAQAAAQEBAQEA
  AAENAAASAAEhAAAAEwAA
