in_source: |-
  a = create_str("a", 3)
  strcat(a, "b")
  echo(a)
in_stdin: |-
  []
out_log: |-
  TICK:      264 | Command: Opcode.ST     | PC:  100 | CR: 0x11000009      ACC: 0x1000006  | DR: 0x1000005  | AR: 0x1000009  FLAGS: (False, False)
  TICK:      267 | Command: Opcode.LD     | PC:  101 | CR: 0xb000007       ACC: 0x1000006  | DR: 0x1        | AR: 0x1000007  FLAGS: (False, False)
  TICK:      269 | Command: Opcode.SUB    | PC:  102 | CR: 0x20000001      ACC: 0x1        | DR: 0x1        | AR: 0x1000007  FLAGS: (False, False)
  TICK:      271 | Command: Opcode.ST     | PC:  103 | CR: 0x11000007      ACC: 0x0        | DR: 0x1        | AR: 0x1000007  FLAGS: (False, True)
  TICK:      274 | Command: Opcode.LD     | PC:  104 | CR: 0xb000007       ACC: 0x0        | DR: 0x0        | AR: 0x1000007  FLAGS: (False, True)
  TICK:      276 | Command: Opcode.SETG   | PC:  105 | CR: 0x68000000      ACC: 0x0        | DR: 0x0        | AR: 0x1000007  FLAGS: (False, True)
  TICK:      278 | Command: Opcode.JNZ    | PC:  106 | CR: 0x9000005f      ACC: 0x0        | DR: 0x0        | AR: 0x1000007  FLAGS: (False, True)
  TICK:      280 | Command: Opcode.HALT   | PC:  107 | CR: 0x98000000      ACC: 0x0        | DR: 0x0        | AR: 0x1000007  FLAGS: (False, True)
  Output format (TICK, DECODED TO INT OUT)
  188 0x3, 203 0x61, 230 0x62, 257 0x0
out_stdout: |
  LoC: 2
  Instructions: 107
  ============================================================
  Total ticks: 280
out_code_hex: |
  0x0  - 0x8000001   - LD    0x1        | [IMMEDIATE]
  0x4  - 0x11000000  - ST    0x1000000  | [IMMEDIATE]
  0x8  - 0x8000061   - LD    0x61       | [IMMEDIATE]
  0xc  - 0x11000001  - ST    0x1000001  | [IMMEDIATE]
  0x10 - 0x8000001   - LD    0x1        | [IMMEDIATE]
  0x14 - 0x1100000a  - ST    0x100000a  | [IMMEDIATE]
  0x18 - 0x8000062   - LD    0x62       | [IMMEDIATE]
  0x1c - 0x1100000b  - ST    0x100000b  | [IMMEDIATE]
  0x20 - 0x9000000   - LD    0x1000000  | [IMMEDIATE]
  0x24 - 0x11000006  - ST    0x1000006  | [IMMEDIATE]
  0x28 - 0xd000006   - LD    0x1000006  | [INDIRECT]
  0x2c - 0x20000001  - SUB   0x1        | [IMMEDIATE]
  0x30 - 0x11000008  - ST    0x1000008  | [IMMEDIATE]
  0x34 - 0x9000002   - LD    0x1000002  | [IMMEDIATE]
  0x38 - 0x11000007  - ST    0x1000007  | [IMMEDIATE]
  0x3c - 0x8000003   - LD    0x3        | [IMMEDIATE]
  0x40 - 0x11000002  - ST    0x1000002  | [IMMEDIATE]
  0x44 - 0xb000006   - LD    0x1000006  | [DIRECT]
  0x48 - 0x18000001  - ADD   0x1        | [IMMEDIATE]
  0x4c - 0x11000006  - ST    0x1000006  | [IMMEDIATE]
  0x50 - 0xb000007   - LD    0x1000007  | [DIRECT]
  0x54 - 0x18000001  - ADD   0x1        | [IMMEDIATE]
  0x58 - 0x11000007  - ST    0x1000007  | [IMMEDIATE]
  0x5c - 0xd000006   - LD    0x1000006  | [INDIRECT]
  0x60 - 0x13000007  - ST    0x1000007  | [DIRECT]
  0x64 - 0xb000008   - LD    0x1000008  | [DIRECT]
  0x68 - 0x88000027  - JZ    0x27       | [IMMEDIATE]
  0x6c - 0x63000002  - CMP   0x1000002  | [DIRECT]
  0x70 - 0x88000027  - JZ    0x27       | [IMMEDIATE]
  0x74 - 0xb000008   - LD    0x1000008  | [DIRECT]
  0x78 - 0x20000001  - SUB   0x1        | [IMMEDIATE]
  0x7c - 0x11000008  - ST    0x1000008  | [IMMEDIATE]
  0x80 - 0xb000007   - LD    0x1000007  | [DIRECT]
  0x84 - 0x18000001  - ADD   0x1        | [IMMEDIATE]
  0x88 - 0x11000007  - ST    0x1000007  | [IMMEDIATE]
  0x8c - 0xb000006   - LD    0x1000006  | [DIRECT]
  0x90 - 0x18000001  - ADD   0x1        | [IMMEDIATE]
  0x94 - 0x11000006  - ST    0x1000006  | [IMMEDIATE]
  0x98 - 0x80000017  - JMP   0x17       | [IMMEDIATE]
  0x9c - 0x9000002   - LD    0x1000002  | [IMMEDIATE]
  0xa0 - 0x11000008  - ST    0x1000008  | [IMMEDIATE]
  0xa4 - 0xb000008   - LD    0x1000008  | [DIRECT]
  0xa8 - 0x11000007  - ST    0x1000007  | [IMMEDIATE]
  0xac - 0x18000001  - ADD   0x1        | [IMMEDIATE]
  0xb0 - 0x11000006  - ST    0x1000006  | [IMMEDIATE]
  0xb4 - 0xd000007   - LD    0x1000007  | [INDIRECT]
  0xb8 - 0x11000009  - ST    0x1000009  | [IMMEDIATE]
  0xbc - 0x68000000  - SETG             | [IMMEDIATE]
  0xc0 - 0x68000000  - SETG             | [IMMEDIATE]
  0xc4 - 0x68000000  - SETG             | [IMMEDIATE]
  0xc8 - 0xd000006   - LD    0x1000006  | [INDIRECT]
  0xcc - 0x8800003d  - JZ    0x3d       | [IMMEDIATE]
  0xd0 - 0xb000009   - LD    0x1000009  | [DIRECT]
  0xd4 - 0x88000055  - JZ    0x55       | [IMMEDIATE]
  0xd8 - 0xb000006   - LD    0x1000006  | [DIRECT]
  0xdc - 0x18000001  - ADD   0x1        | [IMMEDIATE]
  0xe0 - 0x11000006  - ST    0x1000006  | [IMMEDIATE]
  0xe4 - 0xb000009   - LD    0x1000009  | [DIRECT]
  0xe8 - 0x20000001  - SUB   0x1        | [IMMEDIATE]
  0xec - 0x11000009  - ST    0x1000009  | [IMMEDIATE]
  0xf0 - 0x8000002f  - JMP   0x2f       | [IMMEDIATE]
  0xf4 - 0x900000a   - LD    0x100000a  | [IMMEDIATE]
  0xf8 - 0x1100000c  - ST    0x100000c  | [IMMEDIATE]
  0xfc - 0x18000001  - ADD   0x1        | [IMMEDIATE]
  0x100 - 0x1100000d  - ST    0x100000d  | [IMMEDIATE]
  0x104 - 0xd00000c   - LD    0x100000c  | [INDIRECT]
  0x108 - 0x1100000e  - ST    0x100000e  | [IMMEDIATE]
  0x10c - 0x70000000  - SETE             | [IMMEDIATE]
  0x110 - 0x70000000  - SETE             | [IMMEDIATE]
  0x114 - 0x70000000  - SETE             | [IMMEDIATE]
  0x118 - 0xd00000d   - LD    0x100000d  | [INDIRECT]
  0x11c - 0x88000055  - JZ    0x55       | [IMMEDIATE]
  0x120 - 0x13000006  - ST    0x1000006  | [DIRECT]
  0x124 - 0xb000009   - LD    0x1000009  | [DIRECT]
  0x128 - 0x20000001  - SUB   0x1        | [IMMEDIATE]
  0x12c - 0x11000009  - ST    0x1000009  | [IMMEDIATE]
  0x130 - 0x88000055  - JZ    0x55       | [IMMEDIATE]
  0x134 - 0xb00000e   - LD    0x100000e  | [DIRECT]
  0x138 - 0x20000001  - SUB   0x1        | [IMMEDIATE]
  0x13c - 0x1100000e  - ST    0x100000e  | [IMMEDIATE]
  0x140 - 0x88000055  - JZ    0x55       | [IMMEDIATE]
  0x144 - 0xb000006   - LD    0x1000006  | [DIRECT]
  0x148 - 0x18000001  - ADD   0x1        | [IMMEDIATE]
  0x14c - 0x11000006  - ST    0x1000006  | [IMMEDIATE]
  0x150 - 0x80000043  - JMP   0x43       | [IMMEDIATE]
  0x154 - 0xb000007   - LD    0x1000007  | [DIRECT]
  0x158 - 0xb000008   - LD    0x1000008  | [DIRECT]
  0x15c - 0x11000009  - ST    0x1000009  | [IMMEDIATE]
  0x160 - 0xd000009   - LD    0x1000009  | [INDIRECT]
  0x164 - 0x11000007  - ST    0x1000007  | [IMMEDIATE]
  0x168 - 0xa8000000  - OUT              | [IMMEDIATE]
  0x16c - 0x8800006a  - JZ    0x6a       | [IMMEDIATE]
  0x170 - 0xb000009   - LD    0x1000009  | [DIRECT]
  0x174 - 0x18000001  - ADD   0x1        | [IMMEDIATE]
  0x178 - 0x11000009  - ST    0x1000009  | [IMMEDIATE]
  0x17c - 0xd000009   - LD    0x1000009  | [INDIRECT]
  0x180 - 0xa8000000  - OUT              | [IMMEDIATE]
  0x184 - 0xb000009   - LD    0x1000009  | [DIRECT]
  0x188 - 0x18000001  - ADD   0x1        | [IMMEDIATE]
  0x18c - 0x11000009  - ST    0x1000009  | [IMMEDIATE]
  0x190 - 0xb000007   - LD    0x1000007  | [DIRECT]
  0x194 - 0x20000001  - SUB   0x1        | [IMMEDIATE]
  0x198 - 0x11000007  - ST    0x1000007  | [IMMEDIATE]
  0x19c - 0xb000007   - LD    0x1000007  | [DIRECT]
  0x1a0 - 0x68000000  - SETG             | [IMMEDIATE]
  0x1a4 - 0x9000005f  - JNZ   0x5f       | [IMMEDIATE]
  0x1a8 - 0x98000000  - HALT             | [IMMEDIATE]
out_code_bin: !!binary |
  AAEAAQEAAAACAAEAAAABAQABYQAAAAIAAQEAAAEBAAEBAAAAAgABCgAAAQEAAWIAAAACAAELAAAB
  AQABAAAAAQIAAQYAAAEBAgEGAAABBAABAQAAAAIAAQgAAAEBAAECAAABAgABBwAAAQEAAQMAAAAC
  AAECAAABAQEBBgAAAQMAAQEAAAACAAEGAAABAQEBBwAAAQMAAQEAAAACAAEHAAABAQIBBgAAAQIB
  AQcAAAEBAQEIAAABEQABJwAAAAwBAQIAAAERAAEnAAAAAQEBCAAAAQQAAQEAAAACAAEIAAABAQEB
  BwAAAQMAAQEAAAACAAEHAAABAQEBBgAAAQMAAQEAAAACAAEGAAABEAABFwAAAAEAAQIAAAECAAEI
  AAABAQEBCAAAAQIAAQcAAAEDAAEBAAAAAgABBgAAAQECAQcAAAECAAEJAAABDQAADQAADQAAAQIB
  BgAAAREAAT0AAAABAQEJAAABEQABVQAAAAEBAQYAAAEDAAEBAAAAAgABBgAAAQEBAQkAAAEEAAEB
  AAAAAgABCQAAARAAAS8AAAABAAEKAAABAgABDAAAAQMAAQEAAAACAAENAAABAQIBDAAAAQIAAQ4A
  AAEOAAAOAAAOAAABAgENAAABEQABVQAAAAIBAQYAAAEBAQEJAAABBAABAQAAAAIAAQkAAAERAAFV
  AAAAAQEBDgAAAQQAAQEAAAACAAEOAAABEQABVQAAAAEBAQYAAAEDAAEBAAAAAgABBgAAARAAAUMA
  AAABAQEHAAABAQEBCAAAAQIAAQkAAAEBAgEJAAABAgABBwAAARUAABEAAWoAAAABAQEJAAABAwAB
  AQAAAAIAAQkAAAEBAgEJAAABFQAAAQEBCQAAAQMAAQEAAAACAAEJAAABAQEBBwAAAQQAAQEAAAAC
  AAEHAAABAQEBBwAAAQ0AABIAAV8AAAATAAA=
